****************************************
Report : constraint
        -all_violators
        -path slack_only
Design : top
****************************************



   min_delay/hold ('CLK_VIP' group)

   Endpoint                                                  Slack
   -----------------------------------------------------------------
   u_core/u_vip/trf_64x64_u_trf_64x64/AA[1]           -0.08526 (VIOLATED)
   u_core/u_vip/trf_64x64_u_trf_64x64/AA[2]           -0.07526 (VIOLATED)
   u_core/u_vip/trf_64x64_u_trf_64x64/AA[3]           -0.06526 (VIOLATED)
   u_core/u_vip/trf_64x64_u_trf_64x64/AA[5]           -0.04526 (VIOLATED)
   u_core/u_vip/trf_64x64_u_trf_64x64/AA[6]           -0.03526 (VIOLATED)
   u_core/u_vip/trf_64x64_u_trf_64x64/AA[7]           -0.02526 (VIOLATED)

   min_delay/hold ('CLK_VIP_DIV2' group)

   Endpoint                                                  Slack
   -----------------------------------------------------------------
   u_core/u_vip/trf_1kx64_m8_u_trf_1kx64_m8/D[62]     -0.01461 (VIOLATED)
   u_core/u_vip/trf_1kx64_m8_u_trf_1kx64_m8/D[60]     -0.01261 (VIOLATED)
   u_core/u_vip/trf_1kx64_m8_u_trf_1kx64_m8/D[64]     -0.01161 (VIOLATED)



