      No|     000      157      258 |      WNS |  WCorner | PathGroup                                | InstancePin
--------+--------+--------+xxxxxxxx-+----------+----------+------------------------------------------+----------------------------------------
       1|      .    -45.67       .  |   -45.67 |      157 | OCC4                                     : u_ddr_phy/dfi_address[1]
       2|      .     -9.16       .  |    -9.16 |      157 | OCC4                                     : u_ddr_phy/dfi_address[20]
       3|      .    -37.49       .  |   -37.49 |      157 | OCC4                                     : u_ddr_phy/dfi_address[21]
       4|      .    -38.73       .  |   -38.73 |      157 | OCC4                                     : u_ddr_phy/dfi_address[22]
       5|      .     -6.63       .  |    -6.63 |      157 | OCC4                                     : u_ddr_phy/dfi_address[23]
       6|  -25.26       .        .  |   -25.26 |      000 | OCC4                                     : u_ddr_phy/dfi_address[3]
       7|  -45.26   -46.85       .  |   -46.85 |      157 | OCC4                                     : u_ddr_phy/dfi_address[4]
       8|  -65.26       .        .  |   -65.26 |      000 | OCC4                                     : u_ddr_phy/dfi_address[5]
       9|  -85.26       .        .  |   -85.26 |      000 | OCC4                                     : u_ddr_phy/dfi_address[6]
      10| -111.11       .        .  |  -111.11 |      000 | OCC4                                     : u_ddr_phy/dfi_address[7]
      11| -125.26   -64.24       .  |  -125.26 |      000 | OCC4                                     : u_ddr_phy/dfi_address[8]
      12|      .     -6.15       .  |    -6.15 |      157 | OCC4                                     : u_ddr_phy/dfi_address[9]
      13|      .     -5.14       .  |    -5.14 |      157 | OCC4                                     : u_ddr_phy/dfi_cke[0]
      14|      .     -7.42       .  |    -7.42 |      157 | OCC4                                     : u_ddr_phy/dfi_cs_n[0]
      15|      .    -30.31       .  |   -30.31 |      157 | OCC4                                     : u_ddr_phy/dfi_cs_n[1]
