****************************************
Report : constraint
        -all_violators
        -path slack_only
Design : top
****************************************


   max_delay/setup ('VCLK_APB' group)

   Endpoint                                                  Slack
   -----------------------------------------------------------------
   pad_gpio_pa[7]                                         -0.01499  (VIOLATED)

   max_delay/setup ('VCLK_CAN' group)

   Endpoint                                                  Slack
   -----------------------------------------------------------------
   pad_can_txd                                            -0.11456  (VIOLATED)
   pad_can_stby                                           -0.00649  (VIOLATED)

   max_delay/setup ('VCLK_DO' group)

   Endpoint                                                  Slack
   -----------------------------------------------------------------
   pad_do_hs                                              -0.00943  (VIOLATED)
   pad_do_data[6]                                         -0.00499  (VIOLATED)
   pad_do_data[13]                                        -0.00292  (VIOLATED)
   pad_do_data[12]                                        -0.00086  (VIOLATED)

   max_delay/setup ('VCLK_FLH' group)

   Endpoint                                                  Slack
   -----------------------------------------------------------------
   pad_sflash_io[2]                                       -0.09743  (VIOLATED)
   pad_sflash_io[3]                                       -0.08214  (VIOLATED)
   pad_sflash_io[1]                                       -0.03170  (VIOLATED)

   max_delay/setup ('VCLK_MCU08' group)

   Endpoint                                                  Slack
   -----------------------------------------------------------------
   pad_gpio_pb[15]                                        -0.00806  (VIOLATED)

