****************************************
Report : constraint
        -all_violators
        -path slack_only
Design : top
****************************************



   min_delay/hold ('CLK_VIP' group)

   Endpoint                                                  Slack
   -----------------------------------------------------------------
   u_core/u_vip/trf_64x64_u_trf_64x64/AA[3]               -0.00526 (VIOLATED)

   min_delay/hold ('CLK_VIP_DIV2' group)

   Endpoint                                                  Slack
   -----------------------------------------------------------------
   u_core/u_vip/trf_1kx64_m8_u_trf_1kx64_m8/D[63]         -0.00061 (VIOLATED)



****************************************
Report : constraint
        -all_violators
        -verbose
Design : top
****************************************


  Startpoint: u_core/u_vip/IdxRamWrPtrreg/out_reg_4_
               (rising edge-triggered flip-flop clocked by CLK_VIP)
  Endpoint: u_core/u_vip/u_tsram_wrap/gen_trf_64x64_u_trf_64x64
               (rising edge-triggered flip-flop clocked by CLK_VIP)
  Last common pin: u_core/u_vip/CTS_inv_240713/ZN
  Path Group: CLK_VIP
  Path Type: min

  Point                                                                     Incr       Path
  ------------------------------------------------------------------------------------------
  clock CLK_VIP (rise edge)                                                 0.00000    0.00000
  clock network delay (propagated)                                          3.00086    3.00086
  u_core/u_vip/IdxRamWrPtrreg/out_reg_4_/CP (SDFCNQD1)                      0.00000    3.00086 r
  u_core/u_vip/IdxRamWrPtrreg/out_reg_4_/Q (SDFCNQD1)                       0.06189 &  3.06276 f
  u_core/u_vip/U336/ZN (MAOI22D2)                                           0.03897 &  3.10173 f
  u_core/u_vip/gen_trf_64x64_u_trf_64x64_interface_inst/U315/ZN (MOAI22D2)  0.04986 &  3.15159 f
  u_core/u_vip/U_HOLD_BUF6079/Z (DEL050MD1)                                 0.04951 &  3.20109 f
  u_core/u_vip/C29_N_HOLD_NET6079/Z (BUFFD2)                                0.02731 &  3.22841 f
  u_core/u_vip/gen_trf_64x64_u_trf_64x64/AA[3] (TRF_64X64)                  0.00001 &  3.22842 f
  data arrival time                                                                    3.22842

  clock CLK_VIP (rise edge)                                                  0.00000    0.00000
  clock network delay (propagated)                                           3.14176    3.14176
  clock reconvergence pessimism                                             -0.12336    3.01840
  clock uncertainty                                                          0.06000    3.07840
  u_core/u_vip/gen_trf_64x64_u_trf_64x64/CLKW (TRF_64X64)                               3.07840 r
  library hold time                                                          0.15528    3.23368
  data required time                                                                    3.23368
  ----------------------------------------------------------------------------------------------------
  data required time                                                                    3.23368
  data arrival time                                                                    -3.22842
  ----------------------------------------------------------------------------------------------------
  slack (VIOLATED)                                                                     -0.00526

  Startpoint: u_core/u_vip/wrAfifo/wrDataReg/out_reg_395_
               (rising edge-triggered flip-flop clocked by CLK_VIP_DIV2)
  Endpoint: u_core/u_vip/shtx/shp/nn/gen_trf_1kx64_m8_u_trf_1kx64_m8
               (rising edge-triggered flip-flop clocked by CLK_VIP_DIV2)
  Last common pin: u_core/u_vip/CTS_inv_231932/ZN
  Path Group: CLK_VIP_DIV2
  Path Type: min

  Point                                                                                      Incr       Path
  -----------------------------------------------------------------------------------------------------------------
  clock CLK_VIP_DIV2 (rise edge)                                                          0.00000    0.00000
  clock network delay (propagated)                                                        2.99866    2.99866
  u_core/u_vip/wrAfifo/wrDataReg/out_reg_395_/CP (SDFQD1)                                 0.00000    2.99866 r
  u_core/u_vip/wrAfifo/wrDataReg/out_reg_395_/Q (SDFQD1)                                  0.06744 &  3.06609 r
  u_core/u_vip/U_hold_FE_PHC1103081_viv_s13_395/Z (DEL050MD1)                             0.10144 &  3.16753 r
  u_core/u_vip/gen_trf_1kx64_m8_u_trf_1kx64_m8_interface_inst/U400/Z (AO22D1)             0.09981 &  3.26735 r
  u_core/u_vip/gen_trf_1kx64_m8_u_trf_1kx64_m8_interface_inst_D_63/Z (BUFFD2)            -0.00899 &  3.25835 r
  u_core/u_vip/gen_trf_1kx64_m8_u_trf_1kx64_m8/D[63] (TRF_1KX64_M1)                       0.00000 &  3.25835 r
  data arrival time                                                                                  3.25835

  clock CLK_VIP_DIV2 (rise edge)                                                           0.00000    0.00000
  clock network delay (propagated)                                                         3.09993    3.09993
  clock reconvergence pessimism                                                           -0.11943    2.98049
  clock uncertainty                                                                        0.06000    3.04049
  u_core/u_vip/gen_trf_1kx64_m8_u_trf_1kx64_m8/CLKW (TRF_1KX64_M1)                                    3.04049 r
  library hold time                                                                        0.21847    3.25896
  data required time                                                                                  3.25896
  ---------------------------------------------------------------------------------------- -------------------------
  data required time                                                                                  3.25896
  data arrival time                                                                                  -3.25835
  ---------------------------------------------------------------------------------------- -------------------------
  slack (VIOLATED)                                                                                   -0.00061



