****************************************
Report : constraint
 -all_violators
 -path slack_only
Design : top
****************************************



   min_delay/hold ('CLK_DI_ISP' group)

   Endpoint                                                  Slack
   -----------------------------------------------------------------
   u_core/u_isp_top/u_r_lscram/sram_512x24_u_sram_512x24/A[5] -0.00072 (VIOLATED)

   min_delay/hold ('CLK_MCU' group)

   Endpoint                                                  Slack
   -----------------------------------------------------------------
   u_core/u_ful_regd_slice/payload_reg_b_reg_47_/D -0.00013 (VIOLATED)


   min_delay/hold ('CLK_VIDEO_ISP' group)

   Endpoint                                                  Slack
   -----------------------------------------------------------------
   u_core/u_isp_top/u_r_lscram/sram_512x24_u_sram_512x24/A[5] -0.00072 (VIOLATED)

   min_delay/hold ('CLK_XTAL_MCU' group)

   Endpoint                                                  Slack
   -----------------------------------------------------------------
   u_core/u_rev_regd_slice/payload_reg_reg_36_/D -0.00008 (VIOLATED)
   u_core/u_ful_regd_slice/payload_reg_a_reg_21_/D -0.00007 (VIOLATED)






