      No|     000      157      258 |      WNS |  WCorner | PathGroup                                | InstancePin
--------+--------+--------+---------+----------+----------+------------------------------------------+----------------------------------------
       1|      .        .    -14.99 |   -14.99 @      258 | VCLK_APB                                 : pad_gpio_pa[7]
       2|      .        .     -6.49 |    -6.49 @      258 | VCLK_CAN                                 : pad_can_stby
       3|      .        .   -114.56 |  -114.56 @      258 | VCLK_CAN                                 : pad_can_txd
       4|      .        .     -9.43 |    -9.43 @      258 | VCLK_DO                                  : pad_do_hs
       5|      .        .     -0.86 |    -0.86 @      258 | VCLK_DO                                  : pad_do_data[12]
       6|      .        .     -2.92 |    -2.92 @      258 | VCLK_DO                                  : pad_do_data[13]
       7|      .        .     -4.99 |    -4.99 @      258 | VCLK_DO                                  : pad_do_data[6]
       8|      .        .    -31.70 |   -31.70 @      258 | VCLK_FLH                                 : pad_sflash_io[1]
       9|      .        .    -97.43 |   -97.43 @      258 | VCLK_FLH                                 : pad_sflash_io[2]
      10|      .        .    -82.14 |   -82.14 @      258 | VCLK_FLH                                 : pad_sflash_io[3]
      11|      .        .     -8.06 |    -8.06 @      258 | VCLK_MCU08                               : pad_gpio_pb[15]
