****************************************
Report : constraint
 -all_violators
 -path slack_only
Design : top
****************************************



   min_delay/hold ('CLK_DI_ISP' group)

   Endpoint                                                  Slack
   -----------------------------------------------------------------
   u_core/u_isp_top/u_vsm_ram2a/gen_sram_960x32_u_sram_960x32/A[1] -0.00090 (VIOLATED)
   u_core/u_isp_top/u_isp_exp_v2_sram_wrapper/gen_rf_128x19_u_rf_128x19/A[2] -0.00057 (VIOLATED)
   u_core/u_isp_top/u_r_lscram/gen_sram_512x24_u_sram_512x24/A[5] -0.00077 (VIOLATED)

   min_delay/hold ('CLK_MCU' group)

   Endpoint                                                  Slack
   -----------------------------------------------------------------
   u_core/u_ful_regd_slice/payload_reg_b_reg_65_/D -0.00157 (VIOLATED)
   u_core/u_ful_regd_slice/payload_reg_b_reg_14_/D -0.00120 (VIOLATED)
   u_core/u_ful_regd_slice/payload_reg_b_reg_24_/D -0.00037 (VIOLATED)
   u_core/u_ful_regd_slice/payload_reg_b_reg_58_/D -0.00081 (VIOLATED)
   u_core/u_ful_regd_slice/payload_reg_b_reg_41_/D -0.00045 (VIOLATED)
   u_core/u_ful_regd_slice/payload_reg_a_reg_43_/D -0.00133 (VIOLATED)
   u_core/u_ful_regd_slice/payload_reg_a_reg_65_/D -0.00054 (VIOLATED)
   u_core/u_ful_regd_slice/payload_reg_b_reg_47_/D -0.00093 (VIOLATED)
   u_core/u_rev_regd_slice/payload_reg_reg_36_/D -0.00078 (VIOLATED)
   u_core/u_ful_regd_slice/payload_reg_a_reg_23_/D -0.00047 (VIOLATED)

   min_delay/hold ('CLK_VAE' group)

   Endpoint                                                  Slack
   -----------------------------------------------------------------
   u_core/u_fb_ctrl/gen_sram_8kx64_m8_u_sram_8kx64_m8/D[35] -0.00058 (VIOLATED)
   u_core/u_fb_ctrl/gen_sram_8kx64_m8_u_sram_8kx64_m8/D[30] -0.00048 (VIOLATED)

   min_delay/hold ('CLK_VIDEO_DIV2_ISP' group)

   Endpoint                                                  Slack
   -----------------------------------------------------------------
   u_core/u_isp_top/u_vsm_ram2a/gen_sram_960x32_u_sram_960x32/A[1] -0.00092 (VIOLATED)
   u_core/u_isp_top/gen_rf_128x19_u_rf_128x19/A[2] -0.00177 (VIOLATED)
   u_core/u_isp_top/u_r_lscram/gen_sram_512x24_u_sram_512x24/A[2] -0.00075 (VIOLATED)
   u_core/u_isp_top/u_r_lscram/gen_sram_512x24_u_sram_512x24/A[3] -0.00070 (VIOLATED)

   min_delay/hold ('CLK_VIDEO_ISP' group)

   Endpoint                                                  Slack
   -----------------------------------------------------------------
   u_core/u_isp_top/gen_rf_128x19_u_rf_128x19/A[2] -0.00176 (VIOLATED)

