      No|     000      157      231      258 |      WNS |  WCorner | PathGroup                                | InstancePin
--------+--------+--------+--------+---------+----------+----------+------------------------------------------+----------------------------------------
       1|  -54.31       .    -44.00   -84.05 |   -84.05 |      258 | VCLK_APB                                 : pad_gpio_pa[0]
       2|      .        .    -14.02    -4.05 |   -14.02 |      231 | VCLK_APB                                 : pad_gpio_pa[10]
       3|      .        .    -14.02    -4.04 |   -14.02 |      231 | VCLK_APB                                 : pad_gpio_pa[11]
       4|      .        .    -14.02    -3.05 |   -14.02 |      231 | VCLK_APB                                 : pad_gpio_pa[12]
       5|   -6.00       .    -26.02   -16.05 |   -26.02 |      231 | VCLK_APB                                 : pad_gpio_pa[1]
       6|   -5.00       .    -25.02   -15.05 |   -25.02 |      231 | VCLK_APB                                 : pad_gpio_pa[2]
       7|   -4.00       .    -24.02   -14.05 |   -24.02 |      231 | VCLK_APB                                 : pad_gpio_pa[3]
       8|      .        .    -23.02   -13.05 |   -23.02 |      231 | VCLK_APB                                 : pad_gpio_pa[4]
       9|      .        .    -22.02   -12.05 |   -22.02 |      231 | VCLK_APB                                 : pad_gpio_pa[5]
      10|      .        .    -21.02   -11.05 |   -21.02 |      231 | VCLK_APB                                 : pad_gpio_pa[6]
      11|      .        .    -14.02    -4.35 |   -14.02 |      231 | VCLK_APB                                 : pad_gpio_pa[7]
      12|      .        .    -14.02    -4.25 |   -14.02 |      231 | VCLK_APB                                 : pad_gpio_pa[8]
      13|      .        .    -14.02    -4.15 |   -14.02 |      231 | VCLK_APB                                 : pad_gpio_pa[9]
      14|      .        .     -6.49    -6.09 |    -6.49 |      231 | VCLK_CAN                                 : pad_can_stby
      15|      .        .   -114.56   -14.56 |  -114.56 |      231 | VCLK_CAN                                 : pad_can_txd
      16|      .        .     -9.43    -9.43 |    -9.43 |      231 | VCLK_DO                                  : pad_do_hs
      17|      .        .     -4.00    -3.00 |    -4.00 |      231 | VCLK_DO                                  : pad_do_data[0]
      18|      .        .     -0.86    -0.86 |    -0.86 |      231 | VCLK_DO                                  : pad_do_data[12]
      19|      .        .     -2.92    -2.92 |    -2.92 |      231 | VCLK_DO                                  : pad_do_data[13]
      20|      .        .     -4.02    -4.05 |    -4.05 |      258 | VCLK_DO                                  : pad_do_data[1]
      21|      .        .     -5.02    -5.05 |    -5.05 |      258 | VCLK_DO                                  : pad_do_data[2]
      22|      .        .     -6.02    -6.05 |    -6.05 |      258 | VCLK_DO                                  : pad_do_data[4]
      23|      .        .     -7.02    -7.05 |    -7.05 |      258 | VCLK_DO                                  : pad_do_data[5]
      24|      .        .     -8.02    -8.05 |    -8.05 |      258 | VCLK_DO                                  : pad_do_data[6]
      25|  -21.70       .    -31.70   -21.70 |   -31.70 |      231 | VCLK_FLH                                 : pad_sflash_io[1]
      26|  -57.43       .    -97.43   -77.43 |   -97.43 |      231 | VCLK_FLH                                 : pad_sflash_io[2]
      27|  -42.14       .    -82.14   -62.14 |   -82.14 |      231 | VCLK_FLH                                 : pad_sflash_io[3]
      28|   -4.06       .     -8.06    -5.06 |    -8.06 |      231 | VCLK_MCU08                               : pad_gpio_pb[15]
