      No|     000      151      157      258 |      WNS |  WCorner | PathGroup                                | InstancePin
--------+--------+--------+xxxxxxxx+xxxxxxxx-+----------+----------+------------------------------------------+----------------------------------------
       1|      .    -45.67       .        .  |   -45.67 @      151 | OCC4                                     : u_ddr_phy/dfi_address[1]
       2|      .     -9.16       .        .  |    -9.16 @      151 | OCC4                                     : u_ddr_phy/dfi_address[20]
       3|      .    -37.49       .        .  |   -37.49 @      151 | OCC4                                     : u_ddr_phy/dfi_address[21]
       4|      .    -38.73       .        .  |   -38.73 @      151 | OCC4                                     : u_ddr_phy/dfi_address[22]
       5|      .     -6.63       .        .  |    -6.63 @      151 | OCC4                                     : u_ddr_phy/dfi_address[23]
       6|      .    -46.85       .        .  |   -46.85 @      151 | OCC4                                     : u_ddr_phy/dfi_address[4]
       7|      .    -64.24       .        .  |   -64.24 @      151 | OCC4                                     : u_ddr_phy/dfi_address[8]
       8|      .     -6.15       .        .  |    -6.15 @      151 | OCC4                                     : u_ddr_phy/dfi_address[9]
       9|      .     -5.14       .        .  |    -5.14 @      151 | OCC4                                     : u_ddr_phy/dfi_cke[0]
      10|      .     -7.42       .        .  |    -7.42 @      151 | OCC4                                     : u_ddr_phy/dfi_cs_n[0]
      11|      .    -30.31       .        .  |   -30.31 @      151 | OCC4                                     : u_ddr_phy/dfi_cs_n[1]
